node.exe : Cannot use 'progress-bar' formatter 
for output to 'stdout' as not a TTY. Switching 
to 'progress' formatter.
At line:1 char:1
+ & "C:\Program Files\nodejs/node.exe" 
"C:\Program Files\nodejs/node_mo ...
+ ~~~~~~~~~~~~~~~~~~~~~~~~~~~~~~~~~~~~~~~~~~~~~
~~~~~~~~~~~~~~~~~~~~~~~~
    + CategoryInfo          : NotSpecified: (C 
   annot use 'pro...ess' formatter.:String) [  
  ], RemoteException
    + FullyQualifiedErrorId : NativeCommandErr 
   or
 
.Navigating to https://app.feedspace.io/signin
.Original input: sarika.tier4@gmail.com
Typing fixed email: sarika.tier4@gmail.com
..
========================================
ΓÅ╕∩╕Å  PAUSED: Waiting for manual OTP entry
========================================
1. Check your Gmail inbox for OTP from Feedspace
2. Enter the OTP in the browser window
3. The test will continue automatically after login
========================================

F----.F..F-------------------------------------------------------------------------------------------------------------------------------------------------------------------------------------------------------------------------------------------------------------------------------------------------.

Failures:

1) Scenario: Login and extract session cookie # features\extract_cookie.feature:5
   ΓêÜ Before # support\hooks.js:18
   ΓêÜ Given I navigate to the Feedspace sign-in page # step-definitions\loginSteps.js:7
   ΓêÜ When I enter the email "sarika.tier4@gmail.com" # step-definitions\loginSteps.js:30
   ΓêÜ And I click on "Send Sign-In Code" button # step-definitions\loginSteps.js:35
   ├ù And I manually enter the OTP from my email # step-definitions\manualSteps.js:3
       TypeError: url.includes is not a function
           at page.waitForURL.timeout (C:\Playwright\Feedspace-BDDcucumber-POM05.12 - Techuplabs\step-definitions\manualSteps.js:13:44)
           at urlMatches (C:\Playwright\Feedspace-BDDcucumber-POM05.12 - Techuplabs\node_modules\playwright-core\lib\utils\isomorphic\urlMatch.js:108:10)
           at Frame.waitForURL (C:\Playwright\Feedspace-BDDcucumber-POM05.12 - Techuplabs\node_modules\playwright-core\lib\client\frame.js:162:40)
           at Page.waitForURL (C:\Playwright\Feedspace-BDDcucumber-POM05.12 - Techuplabs\node_modules\playwright-core\lib\client\page.js:322:34)
           at World.<anonymous> (C:\Playwright\Feedspace-BDDcucumber-POM05.12 - Techuplabs\step-definitions\manualSteps.js:13:21)
   - Then I should be logged in successfully # step-definitions\loginSteps.js:84
   - And I should be redirected to the workspace # step-definitions\loginSteps.js:117
   - And I should click on the button "Launch Workspace" # step-definitions\loginSteps.js:129
   - Then I should be redirected to the dashboard # step-definitions\loginSteps.js:143
   ΓêÜ After # support\hooks.js:25
   ├ù After # support\cookie-extractor.js:4
       browserContext.cookies: Target page, context or browser has been closed
           at World.<anonymous> (C:\Playwright\Feedspace-BDDcucumber-POM05.12 - Techuplabs\support\cookie-extractor.js:6:44)

2) Scenario: Login and Import reviews from all platforms sequentially # features\import_reviews.feature:4
   ΓêÜ Before # support\hooks.js:18
   ΓêÜ Given I authenticate with the provided bearer token # step-definitions\loginSteps.js:150
   ├ù Then I should be redirected to the dashboard # step-definitions\loginSteps.js:143
       TypeError: Cannot read properties of undefined (reading 'getCurrentUrl')
           at World.<anonymous> (C:\Playwright\Feedspace-BDDcucumber-POM05.12 - Techuplabs\step-definitions\loginSteps.js:145:38)
   - When I click on the Import option # step-definitions\importSteps.js:8
   - And I navigate to the Import Reviews page # step-definitions\importSteps.js:18
   - And I select the import platform "Import from Web Link" # step-definitions\importSteps.js:28
   - And I read the JSON file, find the URL for platform "Weblink", and enter it into the URL text box # step-definitions\importSteps.js:40
   - And I click on the Import Reviews button # step-definitions\importSteps.js:62
   - Then I verify that the import success message appears # step-definitions\importSteps.js:73
   - When I select the platform "X (Twitter) Post" # step-definitions\importSteps.js:88
   - And I read the JSON file and enter the URL for "X (Twitter) Post" # step-definitions\importSteps.js:100
   - And I click on the Import Post button # step-definitions\importSteps.js:119
   - Then I verify that the import success message appears # step-definitions\importSteps.js:73
   - When I select the platform "Facebook Post" # step-definitions\importSteps.js:88
   - And I read the JSON file and enter the URL for "Facebook Post" # step-definitions\importSteps.js:100
   - And I click on the Import Post button # step-definitions\importSteps.js:119
   - Then I verify that the import success message appears # step-definitions\importSteps.js:73
   - When I select the platform "Instagram Post" # step-definitions\importSteps.js:88
   - And I read the JSON file and enter the URL for "Instagram Post" # step-definitions\importSteps.js:100
   - And I click on the Import Post button # step-definitions\importSteps.js:119
   - Then I verify that the import success message appears # step-definitions\importSteps.js:73
   - When I select the platform "Threads Post" # step-definitions\importSteps.js:88
   - And I read the JSON file and enter the URL for "Threads Post" # step-definitions\importSteps.js:100
   - And I click on the Import Post button # step-definitions\importSteps.js:119
   - Then I verify that the import success message appears # step-definitions\importSteps.js:73
   - When I select the platform "LinkedIn Post" # step-definitions\importSteps.js:88
   - And I read the JSON file and enter the URL for "LinkedIn Post" # step-definitions\importSteps.js:100
   - And I click on the Import Post button # step-definitions\importSteps.js:119
   - Then I verify that the import success message appears # step-definitions\importSteps.js:73
   - When I select the platform "YouTube Video" # step-definitions\importSteps.js:88
   - And I read the JSON file and enter the URL for "YouTube Video" # step-definitions\importSteps.js:100
   - And I click on the Import Post button # step-definitions\importSteps.js:119
   - Then I verify that the import success message appears # step-definitions\importSteps.js:73
   - When I select the platform "TikTok Video" # step-definitions\importSteps.js:88
   - And I read the JSON file and enter the URL for "TikTok Video" # step-definitions\importSteps.js:100
   - And I click on the Import Post button # step-definitions\importSteps.js:119
   - Then I verify that the import success message appears # step-definitions\importSteps.js:73
   - When I select the platform "Reddit Post" # step-definitions\importSteps.js:88
   - And I read the JSON file and enter the URL for "Reddit Post" # step-definitions\importSteps.js:100
   - And I click on the Import Post button # step-definitions\importSteps.js:119
   - Then I verify that the import success message appears # step-definitions\importSteps.js:73
   - When I select the platform "Reddit Comment" # step-definitions\importSteps.js:88
   - And I read the JSON file and enter the URL for "Reddit Comment" # step-definitions\importSteps.js:100
   - And I click on the Import Post button # step-definitions\importSteps.js:119
   - Then I verify that the import success message appears # step-definitions\importSteps.js:73
   - When I select the platform "AppSumo" # step-definitions\importSteps.js:88
   - And I read the JSON file and enter the URL for "AppSumo" # step-definitions\importSteps.js:100
   - And I click on the Get Reviews button # step-definitions\importSteps.js:156
   - And I click on select all checkbox # step-definitions\importSteps.js:167
   - And I click on import reviews button # step-definitions\importSteps.js:178
   - Then I verify that the import success message appears # step-definitions\importSteps.js:73
   - When I select the platform "Trustpilot" # step-definitions\importSteps.js:88
   - And I read the JSON file and enter the URL for "Trustpilot" # step-definitions\importSteps.js:100
   - And I click on the Get Reviews button # step-definitions\importSteps.js:156
   - And I click on select all checkbox # step-definitions\importSteps.js:167
   - And I click on import reviews button # step-definitions\importSteps.js:178
   - Then I verify that the import success message appears # step-definitions\importSteps.js:73
   - When I select the platform "Udemy" # step-definitions\importSteps.js:88
   - And I read the JSON file and enter the URL for "Udemy" # step-definitions\importSteps.js:100
   - And I click on the Get Reviews button # step-definitions\importSteps.js:156
   - And I click on select all checkbox # step-definitions\importSteps.js:167
   - And I click on import reviews button # step-definitions\importSteps.js:178
   - Then I verify that the import success message appears # step-definitions\importSteps.js:73
   - When I select the platform "Tripadvisor" # step-definitions\importSteps.js:88
   - And I read the JSON file and enter the URL for "Tripadvisor" # step-definitions\importSteps.js:100
   - And I click on the Get Reviews button # step-definitions\importSteps.js:156
   - And I click on select all checkbox # step-definitions\importSteps.js:167
   - And I click on import reviews button # step-definitions\importSteps.js:178
   - Then I verify that the import success message appears # step-definitions\importSteps.js:73
   - When I select the platform "Gumroad" # step-definitions\importSteps.js:88
   - And I read the JSON file and enter the URL for "Gumroad" # step-definitions\importSteps.js:100
   - And I click on the Get Reviews button # step-definitions\importSteps.js:156
   - And I click on select all checkbox # step-definitions\importSteps.js:167
   - And I click on import reviews button # step-definitions\importSteps.js:178
   - Then I verify that the import success message appears # step-definitions\importSteps.js:73
   - When I select the platform "Whop" # step-definitions\importSteps.js:88
   - And I read the JSON file and enter the URL for "Whop" # step-definitions\importSteps.js:100
   - And I click on the Get Reviews button # step-definitions\importSteps.js:156
   - And I click on select all checkbox # step-definitions\importSteps.js:167
   - And I click on import reviews button # step-definitions\importSteps.js:178
   - Then I verify that the import success message appears # step-definitions\importSteps.js:73
   - When I select the platform "Fresha" # step-definitions\importSteps.js:88
   - And I read the JSON file and enter the URL for "Fresha" # step-definitions\importSteps.js:100
   - And I click on the Get Reviews button # step-definitions\importSteps.js:156
   - And I click on select all checkbox # step-definitions\importSteps.js:167
   - And I click on import reviews button # step-definitions\importSteps.js:178
   - Then I verify that the import success message appears # step-definitions\importSteps.js:73
   - When I select the platform "Healme" # step-definitions\importSteps.js:88
   - And I read the JSON file and enter the URL for "Healme" # step-definitions\importSteps.js:100
   - And I click on the Get Reviews button # step-definitions\importSteps.js:156
   - And I click on select all checkbox # step-definitions\importSteps.js:167
   - And I click on import reviews button # step-definitions\importSteps.js:178
   - Then I verify that the import success message appears # step-definitions\importSteps.js:73
   - When I select the platform "Coursera" # step-definitions\importSteps.js:88
   - And I read the JSON file and enter the URL for "Coursera" # step-definitions\importSteps.js:100
   - And I click on the Get Reviews button # step-definitions\importSteps.js:156
   - And I click on select all checkbox # step-definitions\importSteps.js:167
   - And I click on import reviews button # step-definitions\importSteps.js:178
   - Then I verify that the import success message appears # step-definitions\importSteps.js:73
   - When I select the platform "Italki" # step-definitions\importSteps.js:88
   - And I read the JSON file and enter the URL for "Italki" # step-definitions\importSteps.js:100
   - And I click on the Get Reviews button # step-definitions\importSteps.js:156
   - And I click on select all checkbox # step-definitions\importSteps.js:167
   - And I click on import reviews button # step-definitions\importSteps.js:178
   - Then I verify that the import success message appears # step-definitions\importSteps.js:73
   - When I select the platform "Google Play Store" # step-definitions\importSteps.js:88
   - And I read the JSON file and enter the URL for "Google Play Store" # step-definitions\importSteps.js:100
   - And I click on the Get Reviews button # step-definitions\importSteps.js:156
   - And I click on select all checkbox # step-definitions\importSteps.js:167
   - And I click on import reviews button # step-definitions\importSteps.js:178
   - Then I verify that the import success message appears # step-definitions\importSteps.js:73
   - When I select the platform "Apple Podcast" # step-definitions\importSteps.js:88
   - And I read the JSON file and enter the URL for "Apple Podcast" # step-definitions\importSteps.js:100
   - And I click on the Get Reviews button # step-definitions\importSteps.js:156
   - And I click on select all checkbox # step-definitions\importSteps.js:167
   - And I click on import reviews button # step-definitions\importSteps.js:178
   - Then I verify that the import success message appears # step-definitions\importSteps.js:73
   - When I select the platform "App Store" # step-definitions\importSteps.js:88
   - And I read the JSON file and enter the URL for "App Store" # step-definitions\importSteps.js:100
   - And I click on the Get Reviews button # step-definitions\importSteps.js:156
   - And I click on select all checkbox # step-definitions\importSteps.js:167
   - And I click on import reviews button # step-definitions\importSteps.js:178
   - Then I verify that the import success message appears # step-definitions\importSteps.js:73
   - When I select the platform "HomeStars" # step-definitions\importSteps.js:88
   - And I read the JSON file and enter the URL for "HomeStars" # step-definitions\importSteps.js:100
   - And I click on the Get Reviews button # step-definitions\importSteps.js:156
   - And I click on select all checkbox # step-definitions\importSteps.js:167
   - And I click on import reviews button # step-definitions\importSteps.js:178
   - Then I verify that the import success message appears # step-definitions\importSteps.js:73
   - When I select the platform "Airbnb" # step-definitions\importSteps.js:88
   - And I read the JSON file and enter the URL for "Airbnb" # step-definitions\importSteps.js:100
   - And I click on the Get Reviews button # step-definitions\importSteps.js:156
   - And I click on select all checkbox # step-definitions\importSteps.js:167
   - And I click on import reviews button # step-definitions\importSteps.js:178
   - Then I verify that the import success message appears # step-definitions\importSteps.js:73
   - When I select the platform "Airbnb Experiences & Services" # step-definitions\importSteps.js:88
   - And I read the JSON file and enter the URL for "Airbnb Experiences & Services" # step-definitions\importSteps.js:100
   - And I click on the Get Reviews button # step-definitions\importSteps.js:156
   - And I click on select all checkbox # step-definitions\importSteps.js:167
   - And I click on import reviews button # step-definitions\importSteps.js:178
   - Then I verify that the import success message appears # step-definitions\importSteps.js:73
   - When I select the platform "Booking.com" # step-definitions\importSteps.js:88
   - And I read the JSON file and enter the URL for "Booking.com" # step-definitions\importSteps.js:100
   - And I click on the Get Reviews button # step-definitions\importSteps.js:156
   - And I click on select all checkbox # step-definitions\importSteps.js:167
   - And I click on import reviews button # step-definitions\importSteps.js:178
   - Then I verify that the import success message appears # step-definitions\importSteps.js:73
   - When I select the platform "Product Hunt" # step-definitions\importSteps.js:88
   - And I read the JSON file and enter the URL for "Product Hunt" # step-definitions\importSteps.js:100
   - And I click on the Get Reviews button # step-definitions\importSteps.js:156
   - And I click on select all checkbox # step-definitions\importSteps.js:167
   - And I click on import reviews button # step-definitions\importSteps.js:178
   - Then I verify that the import success message appears # step-definitions\importSteps.js:73
   - When I select the platform "Goodreads" # step-definitions\importSteps.js:88
   - And I read the JSON file and enter the URL for "Goodreads" # step-definitions\importSteps.js:100
   - And I click on the Get Reviews button # step-definitions\importSteps.js:156
   - And I click on select all checkbox # step-definitions\importSteps.js:167
   - And I click on import reviews button # step-definitions\importSteps.js:178
   - Then I verify that the import success message appears # step-definitions\importSteps.js:73
   - When I select the platform "AppSumo" # step-definitions\importSteps.js:88
   - And I read the JSON file and enter the URL for "AppSumo" # step-definitions\importSteps.js:100
   - And I click on the Get Reviews button # step-definitions\importSteps.js:156
   - And I click on select all checkbox # step-definitions\importSteps.js:167
   - And I click on import reviews button # step-definitions\importSteps.js:178
   - Then I verify that the import success message appears # step-definitions\importSteps.js:73
   - When I select the platform "Trustpilot" # step-definitions\importSteps.js:88
   - And I read the JSON file and enter the URL for "Trustpilot" # step-definitions\importSteps.js:100
   - And I click on the Get Reviews button # step-definitions\importSteps.js:156
   - And I click on select all checkbox # step-definitions\importSteps.js:167
   - And I click on import reviews button # step-definitions\importSteps.js:178
   - Then I verify that the import success message appears # step-definitions\importSteps.js:73
   - When I select the platform "Udemy" # step-definitions\importSteps.js:88
   - And I read the JSON file and enter the URL for "Udemy" # step-definitions\importSteps.js:100
   - And I click on the Get Reviews button # step-definitions\importSteps.js:156
   - And I click on select all checkbox # step-definitions\importSteps.js:167
   - And I click on import reviews button # step-definitions\importSteps.js:178
   - Then I verify that the import success message appears # step-definitions\importSteps.js:73
   - When I select the platform "Tripadvisor" # step-definitions\importSteps.js:88
   - And I read the JSON file and enter the URL for "Tripadvisor" # step-definitions\importSteps.js:100
   - And I click on the Get Reviews button # step-definitions\importSteps.js:156
   - And I click on select all checkbox # step-definitions\importSteps.js:167
   - And I click on import reviews button # step-definitions\importSteps.js:178
   - Then I verify that the import success message appears # step-definitions\importSteps.js:73
   - When I select the platform "Gumroad" # step-definitions\importSteps.js:88
   - And I read the JSON file and enter the URL for "Gumroad" # step-definitions\importSteps.js:100
   - And I click on the Get Reviews button # step-definitions\importSteps.js:156
   - And I click on select all checkbox # step-definitions\importSteps.js:167
   - And I click on import reviews button # step-definitions\importSteps.js:178
   - Then I verify that the import success message appears # step-definitions\importSteps.js:73
   - When I select the platform "Whop" # step-definitions\importSteps.js:88
   - And I read the JSON file and enter the URL for "Whop" # step-definitions\importSteps.js:100
   - And I click on the Get Reviews button # step-definitions\importSteps.js:156
   - And I click on select all checkbox # step-definitions\importSteps.js:167
   - And I click on import reviews button # step-definitions\importSteps.js:178
   - Then I verify that the import success message appears # step-definitions\importSteps.js:73
   - When I select the platform "Fresha" # step-definitions\importSteps.js:88
   - And I read the JSON file and enter the URL for "Fresha" # step-definitions\importSteps.js:100
   - And I click on the Get Reviews button # step-definitions\importSteps.js:156
   - And I click on select all checkbox # step-definitions\importSteps.js:167
   - And I click on import reviews button # step-definitions\importSteps.js:178
   - Then I verify that the import success message appears # step-definitions\importSteps.js:73
   - When I select the platform "Healme" # step-definitions\importSteps.js:88
   - And I read the JSON file and enter the URL for "Healme" # step-definitions\importSteps.js:100
   - And I click on the Get Reviews button # step-definitions\importSteps.js:156
   - And I click on select all checkbox # step-definitions\importSteps.js:167
   - And I click on import reviews button # step-definitions\importSteps.js:178
   - Then I verify that the import success message appears # step-definitions\importSteps.js:73
   - When I select the platform "Coursera" # step-definitions\importSteps.js:88
   - And I read the JSON file and enter the URL for "Coursera" # step-definitions\importSteps.js:100
   - And I click on the Get Reviews button # step-definitions\importSteps.js:156
   - And I click on select all checkbox # step-definitions\importSteps.js:167
   - And I click on import reviews button # step-definitions\importSteps.js:178
   - Then I verify that the import success message appears # step-definitions\importSteps.js:73
   - When I select the platform "Italki" # step-definitions\importSteps.js:88
   - And I read the JSON file and enter the URL for "Italki" # step-definitions\importSteps.js:100
   - And I click on the Get Reviews button # step-definitions\importSteps.js:156
   - And I click on select all checkbox # step-definitions\importSteps.js:167
   - And I click on import reviews button # step-definitions\importSteps.js:178
   - Then I verify that the import success message appears # step-definitions\importSteps.js:73
   - When I select the platform "Google Play Store" # step-definitions\importSteps.js:88
   - And I read the JSON file and enter the URL for "Google Play Store" # step-definitions\importSteps.js:100
   - And I click on the Get Reviews button # step-definitions\importSteps.js:156
   - And I click on select all checkbox # step-definitions\importSteps.js:167
   - And I click on import reviews button # step-definitions\importSteps.js:178
   - Then I verify that the import success message appears # step-definitions\importSteps.js:73
   - When I select the platform "Apple Podcast" # step-definitions\importSteps.js:88
   - And I read the JSON file and enter the URL for "Apple Podcast" # step-definitions\importSteps.js:100
   - And I click on the Get Reviews button # step-definitions\importSteps.js:156
   - And I click on select all checkbox # step-definitions\importSteps.js:167
   - And I click on import reviews button # step-definitions\importSteps.js:178
   - Then I verify that the import success message appears # step-definitions\importSteps.js:73
   - When I select the platform "App Store" # step-definitions\importSteps.js:88
   - And I read the JSON file and enter the URL for "App Store" # step-definitions\importSteps.js:100
   - And I click on the Get Reviews button # step-definitions\importSteps.js:156
   - And I click on select all checkbox # step-definitions\importSteps.js:167
   - And I click on import reviews button # step-definitions\importSteps.js:178
   - Then I verify that the import success message appears # step-definitions\importSteps.js:73
   - When I select the platform "HomeStars" # step-definitions\importSteps.js:88
   - And I read the JSON file and enter the URL for "HomeStars" # step-definitions\importSteps.js:100
   - And I click on the Get Reviews button # step-definitions\importSteps.js:156
   - And I click on select all checkbox # step-definitions\importSteps.js:167
   - And I click on import reviews button # step-definitions\importSteps.js:178
   - Then I verify that the import success message appears # step-definitions\importSteps.js:73
   - When I select the platform "Airbnb" # step-definitions\importSteps.js:88
   - And I read the JSON file and enter the URL for "Airbnb" # step-definitions\importSteps.js:100
   - And I click on the Get Reviews button # step-definitions\importSteps.js:156
   - And I click on select all checkbox # step-definitions\importSteps.js:167
   - And I click on import reviews button # step-definitions\importSteps.js:178
   - Then I verify that the import success message appears # step-definitions\importSteps.js:73
   - When I select the platform "Airbnb Experiences & Services" # step-definitions\importSteps.js:88
   - And I read the JSON file and enter the URL for "Airbnb Experiences & Services" # step-definitions\importSteps.js:100
   - And I click on the Get Reviews button # step-definitions\importSteps.js:156
   - And I click on select all checkbox # step-definitions\importSteps.js:167
   - And I click on import reviews button # step-definitions\importSteps.js:178
   - Then I verify that the import success message appears # step-definitions\importSteps.js:73
   - When I select the platform "Booking.com" # step-definitions\importSteps.js:88
   - And I read the JSON file and enter the URL for "Booking.com" # step-definitions\importSteps.js:100
   - And I click on the Get Reviews button # step-definitions\importSteps.js:156
   - And I click on select all checkbox # step-definitions\importSteps.js:167
   - And I click on import reviews button # step-definitions\importSteps.js:178
   - Then I verify that the import success message appears # step-definitions\importSteps.js:73
   - When I select the platform "Product Hunt" # step-definitions\importSteps.js:88
   - And I read the JSON file and enter the URL for "Product Hunt" # step-definitions\importSteps.js:100
   - And I click on the Get Reviews button # step-definitions\importSteps.js:156
   - And I click on select all checkbox # step-definitions\importSteps.js:167
   - And I click on import reviews button # step-definitions\importSteps.js:178
   - Then I verify that the import success message appears # step-definitions\importSteps.js:73
   - When I select the platform "Goodreads" # step-definitions\importSteps.js:88
   - And I read the JSON file and enter the URL for "Goodreads" # step-definitions\importSteps.js:100
   - And I click on the Get Reviews button # step-definitions\importSteps.js:156
   - And I click on select all checkbox # step-definitions\importSteps.js:167
   - And I click on import reviews button # step-definitions\importSteps.js:178
   - Then I verify that the import success message appears # step-definitions\importSteps.js:73
   - When I select the platform "Facebook Reviews" # step-definitions\importSteps.js:88
   - And I read the JSON file and enter the URL for "Facebook Reviews" # step-definitions\importSteps.js:100
   - And I click on the Import Post button # step-definitions\importSteps.js:119
   - Then I verify that the import success message appears # step-definitions\importSteps.js:73
   - And I close the import modal # step-definitions\importSteps.js:130
   - And I click on the Pages link # step-definitions\importSteps.js:140
   - And I click on the Create Page button # step-definitions\importSteps.js:189
   - And I select the first 5 reviews # step-definitions\importSteps.js:199
   - And I click on Save and Next button # step-definitions\importSteps.js:209
   - And I click on Save and Next button # step-definitions\importSteps.js:209
   - And I click on Save and Share button # step-definitions\importSteps.js:219
   - When I click on the magic link and switch back to the original tab # step-definitions\shareSteps.js:4
   - Then I click on the close button # step-definitions\shareSteps.js:9
   - When I navigate to the Widgets page via menu # step-definitions\widgetSteps.js:4
   - And I select the Carousel template # step-definitions\widgetSteps.js:9
   - And I select the first 5 reviews for the widget # step-definitions\widgetSteps.js:14
   - And I click on Save and Next on widget page # step-definitions\widgetSteps.js:19
   - And I click on Save and Share on widget page # step-definitions\widgetSteps.js:24
   - Then I click on the Widget Preview button # step-definitions\widgetSteps.js:29
   ΓêÜ After # support\hooks.js:25

2 scenarios (2 failed)
299 steps (2 failed, 293 skipped, 4 passed)
0m28.998s (executing steps: 0m26.969s)
